{
    "Should run HEATMAP without failures": {
        "content": [
            [
                [
                    {
                        "caseid": "test",
                        "sampleid": "test",
                        "timepoint": "T1"
                    },
                    {
                        "source": "test",
                        "name": "test"
                    },
                    "test.computeMatrix.mat_heatmap.png:md5,380bdf1e95fe94831c6b56ea298519bf"
                ]
            ],
            [
                "versions.yml:md5,f955ba6259d623b1744b53fd6ec85eed"
            ]
        ],
        "meta": {
            "nf-test": "0.9.2",
            "nextflow": "24.10.3"
        },
        "timestamp": "2025-01-16T14:43:25.048554"
    }
}