{
    "Should run COVERAGEBAM without failures": {
        "content": [
            [
                [
                    {
                        "caseid": "test",
                        "sampleid": "test",
                        "timepoint": "T1"
                    },
                    "test.paired_end.sorted.bw:md5,abf9856dc3f59565bbf55f89194d54d8"
                ]
            ],
            [
                "versions.yml:md5,47275d818815391772f1e942b5ec305a"
            ]
        ],
        "meta": {
            "nf-test": "0.9.2",
            "nextflow": "24.10.3"
        },
        "timestamp": "2025-01-23T10:33:19.760774"
    }
}