{
    "Should run COVERAGEBAM without failures": {
        "content": [
            [
                [
                    {
                        "caseid": "test",
                        "sampleid": "test",
                        "timepoint": "T1"
                    },
                    "test.paired_end.sorted.bw:md5,abf9856dc3f59565bbf55f89194d54d8"
                ]
            ],
            [
                "versions.yml:md5,5c8f6de8fe4f0a375311085b28319129"
            ]
        ],
        "meta": {
            "nf-test": "0.9.2",
            "nextflow": "24.10.4"
        },
        "timestamp": "2025-02-18T12:26:48.023282"
    }
}