{
    "Test Function create_target_channel": {
        "content": [
            [
                "test",
                "elk4.bed:md5,d41d8cd98f00b204e9800998ecf8427e"
            ]
        ],
        "meta": {
            "nf-test": "0.9.2",
            "nextflow": "24.10.4"
        },
        "timestamp": "2025-02-18T12:24:27.612498"
    },
    "Test Function create_sample_channel": {
        "content": [
            [
                {
                    "caseid": "case1",
                    "sampleid": "case1_T1",
                    "timepoint": "T1"
                },
                null,
                null,
                "case1_T1.bw:md5,d41d8cd98f00b204e9800998ecf8427e"
            ]
        ],
        "meta": {
            "nf-test": "0.9.2",
            "nextflow": "24.10.3"
        },
        "timestamp": "2025-01-22T14:40:20.880655"
    }
}