{
    "Should run without failures": {
        "content": [
            {
                "0": [
                    [
                        {
                            "caseid": "test",
                            "sampleid": "test",
                            "timepoint": "T1"
                        },
                        {
                            "source": "test",
                            "name": "test"
                        },
                        "test_test_test_peak_data.tsv:md5,7582b17bccfd8dd5e51b5a7910a08a38",
                        "test_test_test_peak_stats.tsv:md5,405d1d60d8b80c4c55eaef09793977f2",
                        "test_test_test_RawSignal.pdf:md5,fa6a425464f3898fbf9bf3e6cf7ba48a",
                        "test_test_test_RelativeSignal.pdf:md5,b831ccf09877db8be3d586af947ac833",
                        "test_test_test_matrix.RDS:md5,8f77093e1568959ce3cb9a043474a781"
                    ]
                ]
            }
        ],
        "meta": {
            "nf-test": "0.9.2",
            "nextflow": "24.10.3"
        },
        "timestamp": "2025-01-23T10:41:53.38239"
    }
}