{
    "Should run without failures": {
        "content": [
            [
                [
                    {
                        "caseid": "test",
                        "sampleid": "test",
                        "timepoint": "T1"
                    },
                    "test.paired_end.sorted.filtered.bam:md5,d3565dd09b19fcb726f0bf52a7389cbd",
                    "test.paired_end.sorted.filtered.bam.bai:md5,65d3480cba8732dc1669f2fc67301da7"
                ]
            ],
            [
                "versions.yml:md5,c22b1dc502eb918c56ff1505430d25f2"
            ]
        ],
        "meta": {
            "nf-test": "0.9.2",
            "nextflow": "24.10.4"
        },
        "timestamp": "2025-01-29T15:07:30.037059"
    }
}