{
    "Should run without failures": {
        "content": [
            {
                "0": [
                    [
                        {
                            "caseid": "test",
                            "sampleid": "test",
                            "timepoint": "T1"
                        },
                        "test.paired_end.sorted.filtered.bam:md5,d3565dd09b19fcb726f0bf52a7389cbd",
                        "test.paired_end.sorted.filtered.bam.bai:md5,65d3480cba8732dc1669f2fc67301da7"
                    ]
                ],
                "filtered": [
                    [
                        {
                            "caseid": "test",
                            "sampleid": "test",
                            "timepoint": "T1"
                        },
                        "test.paired_end.sorted.filtered.bam:md5,d3565dd09b19fcb726f0bf52a7389cbd",
                        "test.paired_end.sorted.filtered.bam.bai:md5,65d3480cba8732dc1669f2fc67301da7"
                    ]
                ]
            }
        ],
        "meta": {
            "nf-test": "0.9.2",
            "nextflow": "24.10.3"
        },
        "timestamp": "2025-01-15T11:16:56.757392"
    }
}