{
    "Should run bamPEFragmentSize with default parameters": {
        "content": [
            [
                [
                    {
                        "caseid": "test",
                        "sampleid": "test",
                        "timepoint": "T1"
                    },
                    "test.paired_end.sorted_fragmentsize.png:md5,1607ab8d1c4aeb0076cb177411826f66",
                    "test.paired_end.sorted_fragmentsize.txt:md5,aec545fc634ae0d1df19a1c10bcd1571"
                ]
            ],
            [
                "versions.yml:md5,983e4a3117f03e952d2c03d6ea6cd64e"
            ]
        ],
        "meta": {
            "nf-test": "0.9.2",
            "nextflow": "24.10.4"
        },
        "timestamp": "2025-02-18T12:25:00.323361"
    },
    "Should run bamPEFragmentSize with custom parameters": {
        "content": [
            [
                [
                    {
                        "caseid": "test",
                        "sampleid": "test",
                        "timepoint": "T1"
                    },
                    "test.paired_end.sorted_fragmentsize.png:md5,ce25bfc0d444756b949455ab078a99f5",
                    "test.paired_end.sorted_fragmentsize.txt:md5,aec545fc634ae0d1df19a1c10bcd1571"
                ]
            ],
            [
                "versions.yml:md5,983e4a3117f03e952d2c03d6ea6cd64e"
            ]
        ],
        "meta": {
            "nf-test": "0.9.2",
            "nextflow": "24.10.4"
        },
        "timestamp": "2025-02-18T12:25:24.041758"
    }
}