{
    "Should run PEAK_STATS with default parameters": {
        "content": [
            [
                [
                    {
                        "caseid": "case1",
                        "sampleid": "sample1"
                    },
                    {
                        "source": "source1",
                        "name": "target1"
                    },
                    "sample1_target1_source1_peak_data.tsv:md5,4c13b93af07d3792cf771ae64c152d8a",
                    "sample1_target1_source1_peak_stats.tsv:md5,538453bec87e1702c9c4ffd13dbc0ab0",
                    "sample1_target1_source1_RawSignal.pdf:md5,df3cb9d5733e62572c190432daf0ce14",
                    "sample1_target1_source1_RelativeSignal.pdf:md5,dfd2e0394a071f8996acf16997ca449a"
                ]
            ],
            [
                "versions.yml:md5,cdb1192fff270c9d8e93b9aa3f25bc04"
            ]
        ],
        "meta": {
            "nf-test": "0.8.4",
            "nextflow": "24.10.0"
        },
        "timestamp": "2025-01-22T10:26:22.496567553"
    }
}