{
    "Should run PEAK_STATS with default parameters": {
        "content": [
            [
                "versions.yml:md5,cdb1192fff270c9d8e93b9aa3f25bc04"
            ]
        ],
        "meta": {
            "nf-test": "0.9.2",
            "nextflow": "24.10.3"
        },
        "timestamp": "2025-01-22T10:50:48.207795"
    }
}