{
    "Should run without failures": {
        "content": [
            {
                "0": [
                    [
                        {
                            "caseid": "test",
                            "sampleid": "test",
                            "timepoint": "T1"
                        },
                        "test.gc_correct.bw:md5,936b325a0eec195768a575c3f439e4d6"
                    ]
                ],
                "wiggle_ch": [
                    [
                        {
                            "caseid": "test",
                            "sampleid": "test",
                            "timepoint": "T1"
                        },
                        "test.gc_correct.bw:md5,936b325a0eec195768a575c3f439e4d6"
                    ]
                ]
            }
        ],
        "meta": {
            "nf-test": "0.9.2",
            "nextflow": "24.10.3"
        },
        "timestamp": "2025-01-22T14:47:43.663956"
    }
}