{
    "Should run CORRECTGCBIAS without failures": {
        "content": [
            [
                [
                    {
                        "caseid": "test",
                        "sampleid": "test",
                        "timepoint": "T1"
                    },
                    "test.gc_correct.bam:md5,c13957bfb89e9beeafbb83eafa9f7ffb",
                    "test.gc_correct.bam.bai:md5,b12ff23c58ec9457ea0eaa5d5484d14b",
                    "test.freq.txt:md5,4a7eb3e068f25d4f021ca3740f30fe36"
                ]
            ],
            [
                "versions.yml:md5,954f95dfad3c0c454617079d7532ba7e"
            ]
        ],
        "meta": {
            "nf-test": "0.9.2",
            "nextflow": "24.10.3"
        },
        "timestamp": "2025-01-16T14:02:21.963576"
    }
}