{
    "Should run CORRECTGCBIAS without failures": {
        "content": [
            [
                "versions.yml:md5,954f95dfad3c0c454617079d7532ba7e"
            ]
        ],
        "meta": {
            "nf-test": "0.9.2",
            "nextflow": "24.10.3"
        },
        "timestamp": "2025-01-23T10:33:10.093521"
    }
}